../Drivers/STM32L0xx_HAL_Driver/Src/stm32l0xx_hal_rcc.c:221:19:HAL_RCC_DeInit	32	static
../Drivers/STM32L0xx_HAL_Driver/Src/stm32l0xx_hal_rcc.c:336:19:HAL_RCC_OscConfig	48	static
../Drivers/STM32L0xx_HAL_Driver/Src/stm32l0xx_hal_rcc.c:564:19:HAL_RCC_ClockConfig	32	static
../Drivers/STM32L0xx_HAL_Driver/Src/stm32l0xx_hal_rcc.c:825:6:HAL_RCC_MCOConfig	64	static
../Drivers/STM32L0xx_HAL_Driver/Src/stm32l0xx_hal_rcc.c:918:10:HAL_RCC_GetSysClockFreq	32	static
../Drivers/STM32L0xx_HAL_Driver/Src/stm32l0xx_hal_rcc.c:988:10:HAL_RCC_GetHCLKFreq	8	static
../Drivers/STM32L0xx_HAL_Driver/Src/stm32l0xx_hal_rcc.c:999:10:HAL_RCC_GetPCLK1Freq	8	static
../Drivers/STM32L0xx_HAL_Driver/Src/stm32l0xx_hal_rcc.c:1011:10:HAL_RCC_GetPCLK2Freq	8	static
../Drivers/STM32L0xx_HAL_Driver/Src/stm32l0xx_hal_rcc.c:1024:6:HAL_RCC_GetOscConfig	16	static
../Drivers/STM32L0xx_HAL_Driver/Src/stm32l0xx_hal_rcc.c:1127:6:HAL_RCC_GetClockConfig	16	static
