Archive member included to satisfy reference by file (symbol)

C:/Program Files/ST/STM32CubeIDE_2.0.0/STM32CubeIDE/plugins/com.st.stm32cube.ide.mcu.externaltools.gnu-tools-for-stm32.13.3.rel1.win32_1.0.100.202509120712/tools/bin/../lib/gcc/arm-none-eabi/13.3.1/../../../../arm-none-eabi/lib/thumb/v6-m/nofp\libc_nano.a(libc_a-exit.o)
                              C:/Program Files/ST/STM32CubeIDE_2.0.0/STM32CubeIDE/plugins/com.st.stm32cube.ide.mcu.externaltools.gnu-tools-for-stm32.13.3.rel1.win32_1.0.100.202509120712/tools/bin/../lib/gcc/arm-none-eabi/13.3.1/../../../../arm-none-eabi/lib/thumb/v6-m/nofp/crt0.o (exit)
C:/Program Files/ST/STM32CubeIDE_2.0.0/STM32CubeIDE/plugins/com.st.stm32cube.ide.mcu.externaltools.gnu-tools-for-stm32.13.3.rel1.win32_1.0.100.202509120712/tools/bin/../lib/gcc/arm-none-eabi/13.3.1/../../../../arm-none-eabi/lib/thumb/v6-m/nofp\libc_nano.a(libc_a-findfp.o)
                              C:/Program Files/ST/STM32CubeIDE_2.0.0/STM32CubeIDE/plugins/com.st.stm32cube.ide.mcu.externaltools.gnu-tools-for-stm32.13.3.rel1.win32_1.0.100.202509120712/tools/bin/../lib/gcc/arm-none-eabi/13.3.1/../../../../arm-none-eabi/lib/thumb/v6-m/nofp\libc_nano.a(libc_a-exit.o) (__stdio_exit_handler)
C:/Program Files/ST/STM32CubeIDE_2.0.0/STM32CubeIDE/plugins/com.st.stm32cube.ide.mcu.externaltools.gnu-tools-for-stm32.13.3.rel1.win32_1.0.100.202509120712/tools/bin/../lib/gcc/arm-none-eabi/13.3.1/../../../../arm-none-eabi/lib/thumb/v6-m/nofp\libc_nano.a(libc_a-fwalk.o)
                              C:/Program Files/ST/STM32CubeIDE_2.0.0/STM32CubeIDE/plugins/com.st.stm32cube.ide.mcu.externaltools.gnu-tools-for-stm32.13.3.rel1.win32_1.0.100.202509120712/tools/bin/../lib/gcc/arm-none-eabi/13.3.1/../../../../arm-none-eabi/lib/thumb/v6-m/nofp\libc_nano.a(libc_a-findfp.o) (_fwalk_sglue)
C:/Program Files/ST/STM32CubeIDE_2.0.0/STM32CubeIDE/plugins/com.st.stm32cube.ide.mcu.externaltools.gnu-tools-for-stm32.13.3.rel1.win32_1.0.100.202509120712/tools/bin/../lib/gcc/arm-none-eabi/13.3.1/../../../../arm-none-eabi/lib/thumb/v6-m/nofp\libc_nano.a(libc_a-stdio.o)
                              C:/Program Files/ST/STM32CubeIDE_2.0.0/STM32CubeIDE/plugins/com.st.stm32cube.ide.mcu.externaltools.gnu-tools-for-stm32.13.3.rel1.win32_1.0.100.202509120712/tools/bin/../lib/gcc/arm-none-eabi/13.3.1/../../../../arm-none-eabi/lib/thumb/v6-m/nofp\libc_nano.a(libc_a-findfp.o) (__sread)
C:/Program Files/ST/STM32CubeIDE_2.0.0/STM32CubeIDE/plugins/com.st.stm32cube.ide.mcu.externaltools.gnu-tools-for-stm32.13.3.rel1.win32_1.0.100.202509120712/tools/bin/../lib/gcc/arm-none-eabi/13.3.1/../../../../arm-none-eabi/lib/thumb/v6-m/nofp\libc_nano.a(libc_a-memset.o)
                              C:/Program Files/ST/STM32CubeIDE_2.0.0/STM32CubeIDE/plugins/com.st.stm32cube.ide.mcu.externaltools.gnu-tools-for-stm32.13.3.rel1.win32_1.0.100.202509120712/tools/bin/../lib/gcc/arm-none-eabi/13.3.1/../../../../arm-none-eabi/lib/thumb/v6-m/nofp/crt0.o (memset)
C:/Program Files/ST/STM32CubeIDE_2.0.0/STM32CubeIDE/plugins/com.st.stm32cube.ide.mcu.externaltools.gnu-tools-for-stm32.13.3.rel1.win32_1.0.100.202509120712/tools/bin/../lib/gcc/arm-none-eabi/13.3.1/../../../../arm-none-eabi/lib/thumb/v6-m/nofp\libc_nano.a(libc_a-closer.o)
                              C:/Program Files/ST/STM32CubeIDE_2.0.0/STM32CubeIDE/plugins/com.st.stm32cube.ide.mcu.externaltools.gnu-tools-for-stm32.13.3.rel1.win32_1.0.100.202509120712/tools/bin/../lib/gcc/arm-none-eabi/13.3.1/../../../../arm-none-eabi/lib/thumb/v6-m/nofp\libc_nano.a(libc_a-stdio.o) (_close_r)
C:/Program Files/ST/STM32CubeIDE_2.0.0/STM32CubeIDE/plugins/com.st.stm32cube.ide.mcu.externaltools.gnu-tools-for-stm32.13.3.rel1.win32_1.0.100.202509120712/tools/bin/../lib/gcc/arm-none-eabi/13.3.1/../../../../arm-none-eabi/lib/thumb/v6-m/nofp\libc_nano.a(libc_a-reent.o)
                              C:/Program Files/ST/STM32CubeIDE_2.0.0/STM32CubeIDE/plugins/com.st.stm32cube.ide.mcu.externaltools.gnu-tools-for-stm32.13.3.rel1.win32_1.0.100.202509120712/tools/bin/../lib/gcc/arm-none-eabi/13.3.1/../../../../arm-none-eabi/lib/thumb/v6-m/nofp\libc_nano.a(libc_a-closer.o) (errno)
C:/Program Files/ST/STM32CubeIDE_2.0.0/STM32CubeIDE/plugins/com.st.stm32cube.ide.mcu.externaltools.gnu-tools-for-stm32.13.3.rel1.win32_1.0.100.202509120712/tools/bin/../lib/gcc/arm-none-eabi/13.3.1/../../../../arm-none-eabi/lib/thumb/v6-m/nofp\libc_nano.a(libc_a-impure.o)
                              C:/Program Files/ST/STM32CubeIDE_2.0.0/STM32CubeIDE/plugins/com.st.stm32cube.ide.mcu.externaltools.gnu-tools-for-stm32.13.3.rel1.win32_1.0.100.202509120712/tools/bin/../lib/gcc/arm-none-eabi/13.3.1/../../../../arm-none-eabi/lib/thumb/v6-m/nofp\libc_nano.a(libc_a-reent.o) (_impure_ptr)
C:/Program Files/ST/STM32CubeIDE_2.0.0/STM32CubeIDE/plugins/com.st.stm32cube.ide.mcu.externaltools.gnu-tools-for-stm32.13.3.rel1.win32_1.0.100.202509120712/tools/bin/../lib/gcc/arm-none-eabi/13.3.1/../../../../arm-none-eabi/lib/thumb/v6-m/nofp\libc_nano.a(libc_a-lseekr.o)
[...]
Memory Configuration

Name             Origin             Length             Attributes
RAM              0x20000000         0x00000800         xrw
FLASH            0x08000000         0x00004000         xr
*default*        0x00000000         0xffffffff

Linker script and memory map

LOAD C:/Program Files/ST/STM32CubeIDE_2.0.0/STM32CubeIDE/plugins/com.st.stm32cube.ide.mcu.externaltools.gnu-tools-for-stm32.13.3.rel1.win32_1.0.100.202509120712/tools/bin/../lib/gcc/arm-none-eabi/13.3.1/thumb/v6-m/nofp/crti.o
LOAD C:/Program Files/ST/STM32CubeIDE_2.0.0/STM32CubeIDE/plugins/com.st.stm32cube.ide.mcu.externaltools.gnu-tools-for-stm32.13.3.rel1.win32_1.0.100.202509120712/tools/bin/../lib/gcc/arm-none-eabi/13.3.1/thumb/v6-m/nofp/crtbegin.o
LOAD C:/Program Files/ST/STM32CubeIDE_2.0.0/STM32CubeIDE/plugins/com.st.stm32cube.ide.mcu.externaltools.gnu-tools-for-stm32.13.3.rel1.win32_1.0.100.202509120712/tools/bin/../lib/gcc/arm-none-eabi/13.3.1/../../../../arm-none-eabi/lib/thumb/v6-m/nofp/crt0.o
LOAD ./Core/Src/lcd.o
LOAD ./Core/Src/main.o
LOAD ./Core/Src/mcp96l01.o
LOAD ./Core/Src/stm32l0xx_hal_msp.o
LOAD ./Core/Src/stm32l0xx_it.o
LOAD ./Core/Src/syscalls.o
LOAD ./Core/Src/sysmem.o
LOAD ./Core/Src/system_stm32l0xx.o
LOAD ./Core/Src/ui.o
LOAD ./Core/Startup/startup_stm32l010k4tx.o
LOAD ./Drivers/STM32L0xx_HAL_Driver/Src/stm32l0xx_hal.o
LOAD ./Drivers/STM32L0xx_HAL_Driver/Src/stm32l0xx_hal_cortex.o
LOAD ./Drivers/STM32L0xx_HAL_Driver/Src/stm32l0xx_hal_dma.o
LOAD ./Drivers/STM32L0xx_HAL_Driver/Src/stm32l0xx_hal_exti.o
LOAD ./Drivers/STM32L0xx_HAL_Driver/Src/stm32l0xx_hal_flash.o
LOAD ./Drivers/STM32L0xx_HAL_Driver/Src/stm32l0xx_hal_flash_ex.o
LOAD ./Drivers/STM32L0xx_HAL_Driver/Src/stm32l0xx_hal_flash_ramfunc.o
LOAD ./Drivers/STM32L0xx_HAL_Driver/Src/stm32l0xx_hal_gpio.o
LOAD ./Drivers/STM32L0xx_HAL_Driver/Src/stm32l0xx_hal_i2c.o
LOAD ./Drivers/STM32L0xx_HAL_Driver/Src/stm32l0xx_hal_i2c_ex.o
LOAD ./Drivers/STM32L0xx_HAL_Driver/Src/stm32l0xx_hal_pwr.o
LOAD ./Drivers/STM32L0xx_HAL_Driver/Src/stm32l0xx_hal_pwr_ex.o
LOAD ./Drivers/STM32L0xx_HAL_Driver/Src/stm32l0xx_hal_rcc.o
LOAD ./Drivers/STM32L0xx_HAL_Driver/Src/stm32l0xx_hal_rcc_ex.o
START GROUP
LOAD C:/Program Files/ST/STM32CubeIDE_2.0.0/STM32CubeIDE/plugins/com.st.stm32cube.ide.mcu.externaltools.gnu-tools-for-stm32.13.3.rel1.win32_1.0.100.202509120712/tools/bin/../lib/gcc/arm-none-eabi/13.3.1/../../../../arm-none-eabi/lib/thumb/v6-m/nofp\libc_nano.a
LOAD C:/Program Files/ST/STM32CubeIDE_2.0.0/STM32CubeIDE/plugins/com.st.stm32cube.ide.mcu.externaltools.gnu-tools-for-stm32.13.3.rel1.win32_1.0.100.202509120712/tools/bin/../lib/gcc/arm-none-eabi/13.3.1/../../../../arm-none-eabi/lib/thumb/v6-m/nofp\libm.a
END GROUP
START GROUP
LOAD C:/Program Files/ST/STM32CubeIDE_2.0.0/STM32CubeIDE/plugins/com.st.stm32cube.ide.mcu.externaltools.gnu-tools-for-stm32.13.3.rel1.win32_1.0.100.202509120712/tools/bin/../lib/gcc/arm-none-eabi/13.3.1/thumb/v6-m/nofp\libgcc.a
LOAD C:/Program Files/ST/STM32CubeIDE_2.0.0/STM32CubeIDE/plugins/com.st.stm32cube.ide.mcu.externaltools.gnu-tools-for-stm32.13.3.rel1.win32_1.0.100.202509120712/tools/bin/../lib/gcc/arm-none-eabi/13.3.1/../../../../arm-none-eabi/lib/thumb/v6-m/nofp\libc_nano.a
END GROUP
START GROUP
LOAD C:/Program Files/ST/STM32CubeIDE_2.0.0/STM32CubeIDE/plugins/com.st.stm32cube.ide.mcu.externaltools.gnu-tools-for-stm32.13.3.rel1.win32_1.0.100.202509120712/tools/bin/../lib/gcc/arm-none-eabi/13.3.1/thumb/v6-m/nofp\libgcc.a
LOAD C:/Program Files/ST/STM32CubeIDE_2.0.0/STM32CubeIDE/plugins/com.st.stm32cube.ide.mcu.externaltools.gnu-tools-for-stm32.13.3.rel1.win32_1.0.100.202509120712/tools/bin/../lib/gcc/arm-none-eabi/13.3.1/../../../../arm-none-eabi/lib/thumb/v6-m/nofp\libc_nano.a
LOAD C:/Program Files/ST/STM32CubeIDE_2.0.0/STM32CubeIDE/plugins/com.st.stm32cube.ide.mcu.externaltools.gnu-tools-for-stm32.13.3.rel1.win32_1.0.100.202509120712/tools/bin/../lib/gcc/arm-none-eabi/13.3.1/../../../../arm-none-eabi/lib/thumb/v6-m/nofp\libnosys.a
END GROUP
START GROUP
LOAD C:/Program Files/ST/STM32CubeIDE_2.0.0/STM32CubeIDE/plugins/com.st.stm32cube.ide.mcu.externaltools.gnu-tools-for-stm32.13.3.rel1.win32_1.0.100.202509120712/tools/bin/../lib/gcc/arm-none-eabi/13.3.1/thumb/v6-m/nofp\libgcc.a
LOAD C:/Program Files/ST/STM32CubeIDE_2.0.0/STM32CubeIDE/plugins/com.st.stm32cube.ide.mcu.externaltools.gnu-tools-for-stm32.13.3.rel1.win32_1.0.100.202509120712/tools/bin/../lib/gcc/arm-none-eabi/13.3.1/../../../../arm-none-eabi/lib/thumb/v6-m/nofp\libc_nano.a
LOAD C:/Program Files/ST/STM32CubeIDE_2.0.0/STM32CubeIDE/plugins/com.st.stm32cube.ide.mcu.externaltools.gnu-tools-for-stm32.13.3.rel1.win32_1.0.100.202509120712/tools/bin/../lib/gcc/arm-none-eabi/13.3.1/../../../../arm-none-eabi/lib/thumb/v6-m/nofp\libnosys.a
END GROUP
LOAD C:/Program Files/ST/STM32CubeIDE_2.0.0/STM32CubeIDE/plugins/com.st.stm32cube.ide.mcu.externaltools.gnu-tools-for-stm32.13.3.rel1.win32_1.0.100.202509120712/tools/bin/../lib/gcc/arm-none-eabi/13.3.1/thumb/v6-m/nofp/crtend.o
LOAD C:/Program Files/ST/STM32CubeIDE_2.0.0/STM32CubeIDE/plugins/com.st.stm32cube.ide.mcu.externaltools.gnu-tools-for-stm32.13.3.rel1.win32_1.0.100.202509120712/tools/bin/../lib/gcc/arm-none-eabi/13.3.1/thumb/v6-m/nofp/crtn.o
                0x20000800                        _estack = (ORIGIN (RAM) + LENGTH (RAM))
                0x00000000                        _Min_Heap_Size = 0x0
                0x00000400                        _Min_Stack_Size = 0x400

.isr_vector     0x08000000       0xc0
                0x08000000                        . = ALIGN (0x4)
 *(.isr_vector)
 .isr_vector    0x08000000       0xc0 ./Core/Startup/startup_stm32l010k4tx.o
                0x08000000                g_pfnVectors
                0x080000c0                        . = ALIGN (0x4)

.text           0x080000c0     0x3584
                0x080000c0                        . = ALIGN (0x4)
 *(.text)
 .text          0x080000c0       0x48 C:/Program Files/ST/STM32CubeIDE_2.0.0/STM32CubeIDE/plugins/com.st.stm32cube.ide.mcu.externaltools.gnu-tools-for-stm32.13.3.rel1.win32_1.0.100.202509120712/tools/bin/../lib/gcc/arm-none-eabi/13.3.1/thumb/v6-m/nofp/crtbegin.o
 .text          0x08000108      0x114 C:/Program Files/ST/STM32CubeIDE_2.0.0/STM32CubeIDE/plugins/com.st.stm32cube.ide.mcu.externaltools.gnu-tools-for-stm32.13.3.rel1.win32_1.0.100.202509120712/tools/bin/../lib/gcc/arm-none-eabi/13.3.1/thumb/v6-m/nofp\libgcc.a(_udivsi3.o)
                0x08000108                __aeabi_uidiv
                0x08000108                __udivsi3
                0x08000214                __aeabi_uidivmod
 .text          0x0800021c      0x1d4 C:/Program Files/ST/STM32CubeIDE_2.0.0/STM32CubeIDE/plugins/com.st.stm32cube.ide.mcu.externaltools.gnu-tools-for-stm32.13.3.rel1.win32_1.0.100.202509120712/tools/bin/../lib/gcc/arm-none-eabi/13.3.1/thumb/v6-m/nofp\libgcc.a(_divsi3.o)
                0x0800021c                __divsi3
                0x0800021c                __aeabi_idiv
                0x080003e8                __aeabi_idivmod
 .text          0x080003f0        0x4 C:/Program Files/ST/STM32CubeIDE_2.0.0/STM32CubeIDE/plugins/com.st.stm32cube.ide.mcu.externaltools.gnu-tools-for-stm32.13.3.rel1.win32_1.0.100.202509120712/tools/bin/../lib/gcc/arm-none-eabi/13.3.1/thumb/v6-m/nofp\libgcc.a(_dvmd_tls.o)
                0x080003f0                __aeabi_idiv0
                0x080003f0                __aeabi_ldiv0
 .text          0x080003f4      0x22c C:/Program Files/ST/STM32CubeIDE_2.0.0/STM32CubeIDE/plugins/com.st.stm32cube.ide.mcu.externaltools.gnu-tools-for-stm32.13.3.rel1.win32_1.0.100.202509120712/tools/bin/../lib/gcc/arm-none-eabi/13.3.1/thumb/v6-m/nofp\libgcc.a(divsf3.o)
                0x080003f4                __aeabi_fdiv
 .text          0x08000620      0x2b4 C:/Program Files/ST/STM32CubeIDE_2.0.0/STM32CubeIDE/plugins/com.st.stm32cube.ide.mcu.externaltools.gnu-tools-for-stm32.13.3.rel1.win32_1.0.100.202509120712/tools/bin/../lib/gcc/arm-none-eabi/13.3.1/thumb/v6-m/nofp\libgcc.a(mulsf3.o)
                0x08000620                __aeabi_fmul
 .text          0x080008d4       0x40 C:/Program Files/ST/STM32CubeIDE_2.0.0/STM32CubeIDE/plugins/com.st.stm32cube.ide.mcu.externaltools.gnu-tools-for-stm32.13.3.rel1.win32_1.0.100.202509120712/tools/bin/../lib/gcc/arm-none-eabi/13.3.1/thumb/v6-m/nofp\libgcc.a(fixsfsi.o)
                0x080008d4                __aeabi_f2iz
 .text          0x08000914       0xa0 C:/Program Files/ST/STM32CubeIDE_2.0.0/STM32CubeIDE/plugins/com.st.stm32cube.ide.mcu.externaltools.gnu-tools-for-stm32.13.3.rel1.win32_1.0.100.202509120712/tools/bin/../lib/gcc/arm-none-eabi/13.3.1/thumb/v6-m/nofp\libgcc.a(floatsisf.o)
                0x08000914                __aeabi_i2f
 .text          0x080009b4       0x3c C:/Program Files/ST/STM32CubeIDE_2.0.0/STM32CubeIDE/plugins/com.st.stm32cube.ide.mcu.externaltools.gnu-tools-for-stm32.13.3.rel1.win32_1.0.100.202509120712/tools/bin/../lib/gcc/arm-none-eabi/13.3.1/thumb/v6-m/nofp\libgcc.a(_clzsi2.o)
                0x080009b4                __clzsi2
 *(.text*)
 .text.LCD_WriteBus
                0x080009f0       0xc4 ./Core/Src/lcd.o
 .text.LCD_PulseEnable
                0x08000ab4       0x50 ./Core/Src/lcd.o
 .text.LCD_SendCommand
                0x08000b04       0x44 ./Core/Src/lcd.o
                0x08000b04                LCD_SendCommand
 .text.LCD_SendData
                0x08000b48       0x58 ./Core/Src/lcd.o
                0x08000b48                LCD_SendData
 .text.LCD_Init
                0x08000ba0       0x5c ./Core/Src/lcd.o
                0x08000ba0                LCD_Init
 .text.LCD_SetCursor
                0x08000bfc       0x40 ./Core/Src/lcd.o
                0x08000bfc                LCD_SetCursor
 .text.Map_Cyrillic
                0x08000c3c       0x88 ./Core/Src/lcd.o
 .text.LCD_Print
                0x08000cc4      0x1c4 ./Core/Src/lcd.o
                0x08000cc4                LCD_Print
 .text.LCD_PrintInt
                0x08000e88       0x84 ./Core/Src/lcd.o
                0x08000e88                LCD_PrintInt
 .text.LCD_PrintLine
                0x08000f0c       0x78 ./Core/Src/lcd.o
                0x08000f0c                LCD_PrintLine
 .text.main     0x08000f84       0xb8 ./Core/Src/main.o
                0x08000f84                main
 .text.SystemClock_Config
                0x0800103c       0xd0 ./Core/Src/main.o
                0x0800103c                SystemClock_Config
 .text.MX_I2C1_Init
                0x0800110c       0x80 ./Core/Src/main.o
 .text.MX_GPIO_Init
                0x0800118c      0x184 ./Core/Src/main.o
 .text.HAL_GPIO_EXTI_Callback
                0x08001310       0x60 ./Core/Src/main.o
                0x08001310                HAL_GPIO_EXTI_Callback
 .text.Error_Handler
                0x08001370        0xc ./Core/Src/main.o
                0x08001370                Error_Handler
 .text.WriteReg
                0x0800137c       0x44 ./Core/Src/mcp96l01.o
 .text.ReadRegs
                0x080013c0       0x4c ./Core/Src/mcp96l01.o
 .text.MCP96L01_Init
                0x0800140c       0x90 ./Core/Src/mcp96l01.o
                0x0800140c                MCP96L01_Init
 .text.MCP96L01_ReadHotJunction
                0x0800149c       0x60 ./Core/Src/mcp96l01.o
                0x0800149c                MCP96L01_ReadHotJunction
 .text.MCP96L01_ConfigureAlertLimit
                0x080014fc      0x124 ./Core/Src/mcp96l01.o
                0x080014fc                MCP96L01_ConfigureAlertLimit
 .text.HAL_MspInit
                0x08001620       0x28 ./Core/Src/stm32l0xx_hal_msp.o
                0x08001620                HAL_MspInit
 .text.HAL_I2C_MspInit
                0x08001648       0x88 ./Core/Src/stm32l0xx_hal_msp.o
                0x08001648                HAL_I2C_MspInit
 .text.NMI_Handler
                0x080016d0        0x8 ./Core/Src/stm32l0xx_it.o
                0x080016d0                NMI_Handler
 .text.HardFault_Handler
                0x080016d8        0x8 ./Core/Src/stm32l0xx_it.o
                0x080016d8                HardFault_Handler
 .text.SVC_Handler
                0x080016e0        0xa ./Core/Src/stm32l0xx_it.o
                0x080016e0                SVC_Handler
 .text.PendSV_Handler
                0x080016ea        0xa ./Core/Src/stm32l0xx_it.o
                0x080016ea                PendSV_Handler
 .text.SysTick_Handler
                0x080016f4        0xe ./Core/Src/stm32l0xx_it.o
                0x080016f4                SysTick_Handler
 .text.EXTI2_3_IRQHandler
                0x08001702       0x10 ./Core/Src/stm32l0xx_it.o
                0x08001702                EXTI2_3_IRQHandler
 .text.EXTI4_15_IRQHandler
                0x08001712       0x3c ./Core/Src/stm32l0xx_it.o
                0x08001712                EXTI4_15_IRQHandler
 .text.SystemInit
                0x0800174e        0xa ./Core/Src/system_stm32l0xx.o
                0x0800174e                SystemInit
 .text.Reset_Handler
                0x08001758       0x80 ./Core/Startup/startup_stm32l010k4tx.o
                0x08001758                Reset_Handler
 .text.Default_Handler
                0x080017d8        0x2 ./Core/Startup/startup_stm32l010k4tx.o
                0x080017d8                I2C1_IRQHandler
                0x080017d8                SPI1_IRQHandler
                0x080017d8                ADC1_IRQHandler
                0x080017d8                RTC_IRQHandler
                0x080017d8                RCC_IRQHandler
                0x080017d8                DMA1_Channel1_IRQHandler
                0x080017d8                Default_Handler
                0x080017d8                DMA1_Channel4_5_IRQHandler
                0x080017d8                EXTI0_1_IRQHandler
                0x080017d8                TIM21_IRQHandler
                0x080017d8                WWDG_IRQHandler
                0x080017d8                LPUART1_IRQHandler
                0x080017d8                TIM2_IRQHandler
                0x080017d8                DMA1_Channel2_3_IRQHandler
                0x080017d8                USART2_IRQHandler
                0x080017d8                FLASH_IRQHandler
                0x080017d8                LPTIM1_IRQHandler
 *fill*         0x080017da        0x2 
 .text.HAL_Init
                0x080017dc       0x40 ./Drivers/STM32L0xx_HAL_Driver/Src/stm32l0xx_hal.o
                0x080017dc                HAL_Init
 .text.HAL_InitTick
                0x0800181c       0x68 ./Drivers/STM32L0xx_HAL_Driver/Src/stm32l0xx_hal.o
                0x0800181c                HAL_InitTick
 .text.HAL_IncTick
                0x08001884       0x24 ./Drivers/STM32L0xx_HAL_Driver/Src/stm32l0xx_hal.o
                0x08001884                HAL_IncTick
 .text.HAL_GetTick
                0x080018a8       0x14 ./Drivers/STM32L0xx_HAL_Driver/Src/stm32l0xx_hal.o
                0x080018a8                HAL_GetTick
 .text.HAL_Delay
                0x080018bc       0x48 ./Drivers/STM32L0xx_HAL_Driver/Src/stm32l0xx_hal.o
                0x080018bc                HAL_Delay
 .text.__NVIC_EnableIRQ
                0x08001904       0x34 ./Drivers/STM32L0xx_HAL_Driver/Src/stm32l0xx_hal_cortex.o
 .text.__NVIC_SetPriority
                0x08001938       0xdc ./Drivers/STM32L0xx_HAL_Driver/Src/stm32l0xx_hal_cortex.o
 .text.SysTick_Config
                0x08001a14       0x48 ./Drivers/STM32L0xx_HAL_Driver/Src/stm32l0xx_hal_cortex.o
 .text.HAL_NVIC_SetPriority
                0x08001a5c       0x2a ./Drivers/STM32L0xx_HAL_Driver/Src/stm32l0xx_hal_cortex.o
                0x08001a5c                HAL_NVIC_SetPriority
 .text.HAL_NVIC_EnableIRQ
                0x08001a86       0x20 ./Drivers/STM32L0xx_HAL_Driver/Src/stm32l0xx_hal_cortex.o
                0x08001a86                HAL_NVIC_EnableIRQ
 .text.HAL_SYSTICK_Config
                0x08001aa6       0x1a ./Drivers/STM32L0xx_HAL_Driver/Src/stm32l0xx_hal_cortex.o
                0x08001aa6                HAL_SYSTICK_Config
 .text.HAL_GPIO_Init
                0x08001ac0      0x2cc ./Drivers/STM32L0xx_HAL_Driver/Src/stm32l0xx_hal_gpio.o
                0x08001ac0                HAL_GPIO_Init
 .text.HAL_GPIO_WritePin
                0x08001d8c       0x3a ./Drivers/STM32L0xx_HAL_Driver/Src/stm32l0xx_hal_gpio.o
                0x08001d8c                HAL_GPIO_WritePin
 *fill*         0x08001dc6        0x2 
 .text.HAL_GPIO_EXTI_IRQHandler
                0x08001dc8       0x38 ./Drivers/STM32L0xx_HAL_Driver/Src/stm32l0xx_hal_gpio.o
                0x08001dc8                HAL_GPIO_EXTI_IRQHandler
 .text.HAL_I2C_Init
                0x08001e00      0x14c ./Drivers/STM32L0xx_HAL_Driver/Src/stm32l0xx_hal_i2c.o
                0x08001e00                HAL_I2C_Init
 .text.HAL_I2C_Mem_Write
                0x08001f4c      0x25c ./Drivers/STM32L0xx_HAL_Driver/Src/stm32l0xx_hal_i2c.o
                0x08001f4c                HAL_I2C_Mem_Write
 .text.HAL_I2C_Mem_Read
                0x080021a8      0x268 ./Drivers/STM32L0xx_HAL_Driver/Src/stm32l0xx_hal_i2c.o
                0x080021a8                HAL_I2C_Mem_Read
 .text.HAL_I2C_IsDeviceReady
                0x08002410      0x1f8 ./Drivers/STM32L0xx_HAL_Driver/Src/stm32l0xx_hal_i2c.o
                0x08002410                HAL_I2C_IsDeviceReady
 .text.I2C_RequestMemoryWrite
                0x08002608       0xc8 ./Drivers/STM32L0xx_HAL_Driver/Src/stm32l0xx_hal_i2c.o
 .text.I2C_RequestMemoryRead
                0x080026d0       0xc4 ./Drivers/STM32L0xx_HAL_Driver/Src/stm32l0xx_hal_i2c.o
 .text.I2C_Flush_TXDR
                0x08002794       0x44 ./Drivers/STM32L0xx_HAL_Driver/Src/stm32l0xx_hal_i2c.o
 .text.I2C_WaitOnFlagUntilTimeout
                0x080027d8       0xb0 ./Drivers/STM32L0xx_HAL_Driver/Src/stm32l0xx_hal_i2c.o
 .text.I2C_WaitOnTXISFlagUntilTimeout
                0x08002888       0x8c ./Drivers/STM32L0xx_HAL_Driver/Src/stm32l0xx_hal_i2c.o
 .text.I2C_WaitOnSTOPFlagUntilTimeout
                0x08002914       0x86 ./Drivers/STM32L0xx_HAL_Driver/Src/stm32l0xx_hal_i2c.o
 *fill*         0x0800299a        0x2 
 .text.I2C_IsErrorOccurred
                0x0800299c      0x1f0 ./Drivers/STM32L0xx_HAL_Driver/Src/stm32l0xx_hal_i2c.o
 .text.I2C_TransferConfig
                0x08002b8c       0x74 ./Drivers/STM32L0xx_HAL_Driver/Src/stm32l0xx_hal_i2c.o
 .text.HAL_I2CEx_ConfigAnalogFilter
                0x08002c00       0x98 ./Drivers/STM32L0xx_HAL_Driver/Src/stm32l0xx_hal_i2c_ex.o
                0x08002c00                HAL_I2CEx_ConfigAnalogFilter
 .text.HAL_I2CEx_ConfigDigitalFilter
                0x08002c98       0x98 ./Drivers/STM32L0xx_HAL_Driver/Src/stm32l0xx_hal_i2c_ex.o
                0x08002c98                HAL_I2CEx_ConfigDigitalFilter
 .text.HAL_RCC_OscConfig
                0x08002d30      0x2b0 ./Drivers/STM32L0xx_HAL_Driver/Src/stm32l0xx_hal_rcc.o
                0x08002d30                HAL_RCC_OscConfig
 .text.HAL_RCC_ClockConfig
                0x08002fe0      0x290 ./Drivers/STM32L0xx_HAL_Driver/Src/stm32l0xx_hal_rcc.o
                0x08002fe0                HAL_RCC_ClockConfig
 .text.HAL_RCC_GetSysClockFreq
                0x08003270      0x10c ./Drivers/STM32L0xx_HAL_Driver/Src/stm32l0xx_hal_rcc.o
                0x08003270                HAL_RCC_GetSysClockFreq
 .text.HAL_RCCEx_PeriphCLKConfig
                0x0800337c      0x258 ./Drivers/STM32L0xx_HAL_Driver/Src/stm32l0xx_hal_rcc_ex.o
                0x0800337c                HAL_RCCEx_PeriphCLKConfig
 .text.memset   0x080035d4       0x10 C:/Program Files/ST/STM32CubeIDE_2.0.0/STM32CubeIDE/plugins/com.st.stm32cube.ide.mcu.externaltools.gnu-tools-for-stm32.13.3.rel1.win32_1.0.100.202509120712/tools/bin/../lib/gcc/arm-none-eabi/13.3.1/../../../../arm-none-eabi/lib/thumb/v6-m/nofp\libc_nano.a(libc_a-memset.o)
                0x080035d4                memset
 .text.__libc_init_array
                0x080035e4       0x48 C:/Program Files/ST/STM32CubeIDE_2.0.0/STM32CubeIDE/plugins/com.st.stm32cube.ide.mcu.externaltools.gnu-tools-for-stm32.13.3.rel1.win32_1.0.100.202509120712/tools/bin/../lib/gcc/arm-none-eabi/13.3.1/../../../../arm-none-eabi/lib/thumb/v6-m/nofp\libc_nano.a(libc_a-init.o)
                0x080035e4                __libc_init_array
 *(.glue_7)
 .glue_7        0x0800362c        0x0 linker stubs
 *(.glue_7t)
 .glue_7t       0x0800362c        0x0 linker stubs
 *(.eh_frame)
 .eh_frame      0x0800362c        0x0 C:/Program Files/ST/STM32CubeIDE_2.0.0/STM32CubeIDE/plugins/com.st.stm32cube.ide.mcu.externaltools.gnu-tools-for-stm32.13.3.rel1.win32_1.0.100.202509120712/tools/bin/../lib/gcc/arm-none-eabi/13.3.1/thumb/v6-m/nofp/crtbegin.o
 *(.init)
 .init          0x0800362c        0x4 C:/Program Files/ST/STM32CubeIDE_2.0.0/STM32CubeIDE/plugins/com.st.stm32cube.ide.mcu.externaltools.gnu-tools-for-stm32.13.3.rel1.win32_1.0.100.202509120712/tools/bin/../lib/gcc/arm-none-eabi/13.3.1/thumb/v6-m/nofp/crti.o
                0x0800362c                _init
 .init          0x08003630        0x8 C:/Program Files/ST/STM32CubeIDE_2.0.0/STM32CubeIDE/plugins/com.st.stm32cube.ide.mcu.externaltools.gnu-tools-for-stm32.13.3.rel1.win32_1.0.100.202509120712/tools/bin/../lib/gcc/arm-none-eabi/13.3.1/thumb/v6-m/nofp/crtn.o
 *(.fini)
 .fini          0x08003638        0x4 C:/Program Files/ST/STM32CubeIDE_2.0.0/STM32CubeIDE/plugins/com.st.stm32cube.ide.mcu.externaltools.gnu-tools-for-stm32.13.3.rel1.win32_1.0.100.202509120712/tools/bin/../lib/gcc/arm-none-eabi/13.3.1/thumb/v6-m/nofp/crti.o
                0x08003638                _fini
 .fini          0x0800363c        0x8 C:/Program Files/ST/STM32CubeIDE_2.0.0/STM32CubeIDE/plugins/com.st.stm32cube.ide.mcu.externaltools.gnu-tools-for-stm32.13.3.rel1.win32_1.0.100.202509120712/tools/bin/../lib/gcc/arm-none-eabi/13.3.1/thumb/v6-m/nofp/crtn.o
                0x08003644                        . = ALIGN (0x4)
                0x08003644                        _etext = .

.vfp11_veneer   0x08003644        0x0
 .vfp11_veneer  0x08003644        0x0 linker stubs

.v4_bx          0x08003644        0x0
 .v4_bx         0x08003644        0x0 linker stubs

.iplt           0x08003644        0x0
 .iplt          0x08003644        0x0 C:/Program Files/ST/STM32CubeIDE_2.0.0/STM32CubeIDE/plugins/com.st.stm32cube.ide.mcu.externaltools.gnu-tools-for-stm32.13.3.rel1.win32_1.0.100.202509120712/tools/bin/../lib/gcc/arm-none-eabi/13.3.1/thumb/v6-m/nofp/crtbegin.o

.rodata         0x08003644      0x140
                0x08003644                        . = ALIGN (0x4)
 *(.rodata)
 .rodata        0x08003644       0x2b ./Core/Src/main.o
 *fill*         0x0800366f        0x1 
 .rodata        0x08003670       0x7c C:/Program Files/ST/STM32CubeIDE_2.0.0/STM32CubeIDE/plugins/com.st.stm32cube.ide.mcu.externaltools.gnu-tools-for-stm32.13.3.rel1.win32_1.0.100.202509120712/tools/bin/../lib/gcc/arm-none-eabi/13.3.1/thumb/v6-m/nofp\libgcc.a(divsf3.o)
 *(.rodata*)
 .rodata.Map_Cyrillic
                0x080036ec       0x7c ./Core/Src/lcd.o
 .rodata.AHBPrescTable
                0x08003768       0x10 ./Core/Src/system_stm32l0xx.o
                0x08003768                AHBPrescTable
 .rodata.PLLMulTable
                0x08003778        0x9 ./Core/Src/system_stm32l0xx.o
                0x08003778                PLLMulTable
                0x08003784                        . = ALIGN (0x4)
 *fill*         0x08003781        0x3 

.ARM.extab      0x08003784        0x0
                0x08003784                        . = ALIGN (0x4)
 *(.ARM.extab* .gnu.linkonce.armextab.*)
                0x08003784                        . = ALIGN (0x4)

.ARM            0x08003784        0x0
                0x08003784                        . = ALIGN (0x4)
                0x08003784                        __exidx_start = .
 *(.ARM.exidx*)
                0x08003784                        __exidx_end = .
                0x08003784                        . = ALIGN (0x4)

.preinit_array  0x08003784        0x0
                0x08003784                        . = ALIGN (0x4)
                0x08003784                        PROVIDE (__preinit_array_start = .)
 *(.preinit_array*)
                0x08003784                        PROVIDE (__preinit_array_end = .)
                0x08003784                        . = ALIGN (0x4)

.init_array     0x08003784        0x4
                0x08003784                        . = ALIGN (0x4)
                0x08003784                        PROVIDE (__init_array_start = .)
 *(SORT_BY_NAME(.init_array.*))
 *(.init_array*)
 .init_array    0x08003784        0x4 C:/Program Files/ST/STM32CubeIDE_2.0.0/STM32CubeIDE/plugins/com.st.stm32cube.ide.mcu.externaltools.gnu-tools-for-stm32.13.3.rel1.win32_1.0.100.202509120712/tools/bin/../lib/gcc/arm-none-eabi/13.3.1/thumb/v6-m/nofp/crtbegin.o
                0x08003788                        PROVIDE (__init_array_end = .)
                0x08003788                        . = ALIGN (0x4)

.fini_array     0x08003788        0x4
                0x08003788                        . = ALIGN (0x4)
                [!provide]                        PROVIDE (__fini_array_start = .)
 *(SORT_BY_NAME(.fini_array.*))
 *(.fini_array*)
 .fini_array    0x08003788        0x4 C:/Program Files/ST/STM32CubeIDE_2.0.0/STM32CubeIDE/plugins/com.st.stm32cube.ide.mcu.externaltools.gnu-tools-for-stm32.13.3.rel1.win32_1.0.100.202509120712/tools/bin/../lib/gcc/arm-none-eabi/13.3.1/thumb/v6-m/nofp/crtbegin.o
                [!provide]                        PROVIDE (__fini_array_end = .)
                0x0800378c                        . = ALIGN (0x4)
                0x0800378c                        _sidata = LOADADDR (.data)

.rel.dyn        0x0800378c        0x0
 .rel.iplt      0x0800378c        0x0 C:/Program Files/ST/STM32CubeIDE_2.0.0/STM32CubeIDE/plugins/com.st.stm32cube.ide.mcu.externaltools.gnu-tools-for-stm32.13.3.rel1.win32_1.0.100.202509120712/tools/bin/../lib/gcc/arm-none-eabi/13.3.1/thumb/v6-m/nofp/crtbegin.o

.data           0x20000000       0x10 load address 0x0800378c
                0x20000000                        . = ALIGN (0x4)
                0x20000000                        _sdata = .
 *(.data)
 *(.data*)
 .data.target_temp
                0x20000000        0x2 ./Core/Src/main.o
                0x20000000                target_temp
 *fill*         0x20000002        0x2 
 .data.SystemCoreClock
                0x20000004        0x4 ./Core/Src/system_stm32l0xx.o
                0x20000004                SystemCoreClock
 .data.uwTickPrio
                0x20000008        0x4 ./Drivers/STM32L0xx_HAL_Driver/Src/stm32l0xx_hal.o
                0x20000008                uwTickPrio
 .data.uwTickFreq
                0x2000000c        0x1 ./Drivers/STM32L0xx_HAL_Driver/Src/stm32l0xx_hal.o
                0x2000000c                uwTickFreq
 *(.RamFunc)
 *(.RamFunc*)
                0x20000010                        . = ALIGN (0x4)
 *fill*         0x2000000d        0x3 
                0x20000010                        _edata = .

.igot.plt       0x20000010        0x0 load address 0x0800379c
 .igot.plt      0x20000010        0x0 C:/Program Files/ST/STM32CubeIDE_2.0.0/STM32CubeIDE/plugins/com.st.stm32cube.ide.mcu.externaltools.gnu-tools-for-stm32.13.3.rel1.win32_1.0.100.202509120712/tools/bin/../lib/gcc/arm-none-eabi/13.3.1/thumb/v6-m/nofp/crtbegin.o
                0x20000010                        . = ALIGN (0x4)

.bss            0x20000010       0x88 load address 0x0800379c
                0x20000010                        _sbss = .
                0x20000010                        __bss_start__ = _sbss
 *(.bss)
 .bss           0x20000010       0x1c C:/Program Files/ST/STM32CubeIDE_2.0.0/STM32CubeIDE/plugins/com.st.stm32cube.ide.mcu.externaltools.gnu-tools-for-stm32.13.3.rel1.win32_1.0.100.202509120712/tools/bin/../lib/gcc/arm-none-eabi/13.3.1/thumb/v6-m/nofp/crtbegin.o
 *(.bss*)
 .bss.hi2c1     0x2000002c       0x54 ./Core/Src/main.o
                0x2000002c                hi2c1
 .bss.thermocouple
                0x20000080        0x8 ./Core/Src/main.o
                0x20000080                thermocouple
 .bss.oc_detected
                0x20000088        0x1 ./Core/Src/main.o
                0x20000088                oc_detected
 .bss.sc_detected
                0x20000089        0x1 ./Core/Src/main.o
                0x20000089                sc_detected
 *fill*         0x2000008a        0x2 
 .bss.last_temp_read
                0x2000008c        0x4 ./Core/Src/main.o
                0x2000008c                last_temp_read
 .bss.current_temp
                0x20000090        0x2 ./Core/Src/main.o
                0x20000090                current_temp
 *fill*         0x20000092        0x2 
 .bss.uwTick    0x20000094        0x4 ./Drivers/STM32L0xx_HAL_Driver/Src/stm32l0xx_hal.o
                0x20000094                uwTick
 *(COMMON)
                0x20000098                        . = ALIGN (0x4)
                0x20000098                        _ebss = .
                0x20000098                        __bss_end__ = _ebss

._user_heap_stack
                0x20000098      0x400 load address 0x0800379c
                0x20000098                        . = ALIGN (0x8)
                [!provide]                        PROVIDE (end = .)
                0x20000098                        PROVIDE (_end = .)
                0x20000098                        . = (. + _Min_Heap_Size)
                0x20000498                        . = (. + _Min_Stack_Size)
 *fill*         0x20000098      0x400 
                0x20000498                        . = ALIGN (0x8)

/DISCARD/
 libc.a(*)
 libm.a(*)
 libgcc.a(*)

.ARM.attributes
                0x00000000       0x28
 *(.ARM.attributes)
 .ARM.attributes
                0x00000000       0x1e C:/Program Files/ST/STM32CubeIDE_2.0.0/STM32CubeIDE/plugins/com.st.stm32cube.ide.mcu.externaltools.gnu-tools-for-stm32.13.3.rel1.win32_1.0.100.202509120712/tools/bin/../lib/gcc/arm-none-eabi/13.3.1/thumb/v6-m/nofp/crti.o
 .ARM.attributes
                0x0000001e       0x2c C:/Program Files/ST/STM32CubeIDE_2.0.0/STM32CubeIDE/plugins/com.st.stm32cube.ide.mcu.externaltools.gnu-tools-for-stm32.13.3.rel1.win32_1.0.100.202509120712/tools/bin/../lib/gcc/arm-none-eabi/13.3.1/thumb/v6-m/nofp/crtbegin.o
 .ARM.attributes
                0x0000004a       0x2c ./Core/Src/lcd.o
 .ARM.attributes
                0x00000076       0x2c ./Core/Src/main.o
 .ARM.attributes
                0x000000a2       0x2c ./Core/Src/mcp96l01.o
 .ARM.attributes
                0x000000ce       0x2c ./Core/Src/stm32l0xx_hal_msp.o
 .ARM.attributes
                0x000000fa       0x2c ./Core/Src/stm32l0xx_it.o
 .ARM.attributes
                0x00000126       0x2c ./Core/Src/system_stm32l0xx.o
 .ARM.attributes
                0x00000152       0x22 ./Core/Startup/startup_stm32l010k4tx.o
 .ARM.attributes
                0x00000174       0x2c ./Drivers/STM32L0xx_HAL_Driver/Src/stm32l0xx_hal.o
 .ARM.attributes
                0x000001a0       0x2c ./Drivers/STM32L0xx_HAL_Driver/Src/stm32l0xx_hal_cortex.o
 .ARM.attributes
                0x000001cc       0x2c ./Drivers/STM32L0xx_HAL_Driver/Src/stm32l0xx_hal_gpio.o
 .ARM.attributes
                0x000001f8       0x2c ./Drivers/STM32L0xx_HAL_Driver/Src/stm32l0xx_hal_i2c.o
 .ARM.attributes
                0x00000224       0x2c ./Drivers/STM32L0xx_HAL_Driver/Src/stm32l0xx_hal_i2c_ex.o
 .ARM.attributes
                0x00000250       0x2c ./Drivers/STM32L0xx_HAL_Driver/Src/stm32l0xx_hal_rcc.o
 .ARM.attributes
                0x0000027c       0x2c ./Drivers/STM32L0xx_HAL_Driver/Src/stm32l0xx_hal_rcc_ex.o
 .ARM.attributes
                0x000002a8       0x2c C:/Program Files/ST/STM32CubeIDE_2.0.0/STM32CubeIDE/plugins/com.st.stm32cube.ide.mcu.externaltools.gnu-tools-for-stm32.13.3.rel1.win32_1.0.100.202509120712/tools/bin/../lib/gcc/arm-none-eabi/13.3.1/../../../../arm-none-eabi/lib/thumb/v6-m/nofp\libc_nano.a(libc_a-memset.o)
 .ARM.attributes
                0x000002d4       0x2c C:/Program Files/ST/STM32CubeIDE_2.0.0/STM32CubeIDE/plugins/com.st.stm32cube.ide.mcu.externaltools.gnu-tools-for-stm32.13.3.rel1.win32_1.0.100.202509120712/tools/bin/../lib/gcc/arm-none-eabi/13.3.1/../../../../arm-none-eabi/lib/thumb/v6-m/nofp\libc_nano.a(libc_a-init.o)
 .ARM.attributes
                0x00000300       0x1e C:/Program Files/ST/STM32CubeIDE_2.0.0/STM32CubeIDE/plugins/com.st.stm32cube.ide.mcu.externaltools.gnu-tools-for-stm32.13.3.rel1.win32_1.0.100.202509120712/tools/bin/../lib/gcc/arm-none-eabi/13.3.1/thumb/v6-m/nofp\libgcc.a(_udivsi3.o)
 .ARM.attributes
                0x0000031e       0x1e C:/Program Files/ST/STM32CubeIDE_2.0.0/STM32CubeIDE/plugins/com.st.stm32cube.ide.mcu.externaltools.gnu-tools-for-stm32.13.3.rel1.win32_1.0.100.202509120712/tools/bin/../lib/gcc/arm-none-eabi/13.3.1/thumb/v6-m/nofp\libgcc.a(_divsi3.o)
 .ARM.attributes
                0x0000033c       0x1e C:/Program Files/ST/STM32CubeIDE_2.0.0/STM32CubeIDE/plugins/com.st.stm32cube.ide.mcu.externaltools.gnu-tools-for-stm32.13.3.rel1.win32_1.0.100.202509120712/tools/bin/../lib/gcc/arm-none-eabi/13.3.1/thumb/v6-m/nofp\libgcc.a(_dvmd_tls.o)
 .ARM.attributes
                0x0000035a       0x2c C:/Program Files/ST/STM32CubeIDE_2.0.0/STM32CubeIDE/plugins/com.st.stm32cube.ide.mcu.externaltools.gnu-tools-for-stm32.13.3.rel1.win32_1.0.100.202509120712/tools/bin/../lib/gcc/arm-none-eabi/13.3.1/thumb/v6-m/nofp\libgcc.a(divsf3.o)
 .ARM.attributes
                0x00000386       0x2c C:/Program Files/ST/STM32CubeIDE_2.0.0/STM32CubeIDE/plugins/com.st.stm32cube.ide.mcu.externaltools.gnu-tools-for-stm32.13.3.rel1.win32_1.0.100.202509120712/tools/bin/../lib/gcc/arm-none-eabi/13.3.1/thumb/v6-m/nofp\libgcc.a(mulsf3.o)
 .ARM.attributes
                0x000003b2       0x2c C:/Program Files/ST/STM32CubeIDE_2.0.0/STM32CubeIDE/plugins/com.st.stm32cube.ide.mcu.externaltools.gnu-tools-for-stm32.13.3.rel1.win32_1.0.100.202509120712/tools/bin/../lib/gcc/arm-none-eabi/13.3.1/thumb/v6-m/nofp\libgcc.a(fixsfsi.o)
 .ARM.attributes
                0x000003de       0x2c C:/Program Files/ST/STM32CubeIDE_2.0.0/STM32CubeIDE/plugins/com.st.stm32cube.ide.mcu.externaltools.gnu-tools-for-stm32.13.3.rel1.win32_1.0.100.202509120712/tools/bin/../lib/gcc/arm-none-eabi/13.3.1/thumb/v6-m/nofp\libgcc.a(floatsisf.o)
 .ARM.attributes
                0x0000040a       0x1e C:/Program Files/ST/STM32CubeIDE_2.0.0/STM32CubeIDE/plugins/com.st.stm32cube.ide.mcu.externaltools.gnu-tools-for-stm32.13.3.rel1.win32_1.0.100.202509120712/tools/bin/../lib/gcc/arm-none-eabi/13.3.1/thumb/v6-m/nofp\libgcc.a(_clzsi2.o)
 .ARM.attributes
                0x00000428       0x1e C:/Program Files/ST/STM32CubeIDE_2.0.0/STM32CubeIDE/plugins/com.st.stm32cube.ide.mcu.externaltools.gnu-tools-for-stm32.13.3.rel1.win32_1.0.100.202509120712/tools/bin/../lib/gcc/arm-none-eabi/13.3.1/thumb/v6-m/nofp/crtn.o
OUTPUT(heaters_control.elf elf32-littlearm)
LOAD linker stubs
LOAD C:/Program Files/ST/STM32CubeIDE_2.0.0/STM32CubeIDE/plugins/com.st.stm32cube.ide.mcu.externaltools.gnu-tools-for-stm32.13.3.rel1.win32_1.0.100.202509120712/tools/bin/../lib/gcc/arm-none-eabi/13.3.1/../../../../arm-none-eabi/lib/thumb/v6-m/nofp\libc.a
LOAD C:/Program Files/ST/STM32CubeIDE_2.0.0/STM32CubeIDE/plugins/com.st.stm32cube.ide.mcu.externaltools.gnu-tools-for-stm32.13.3.rel1.win32_1.0.100.202509120712/tools/bin/../lib/gcc/arm-none-eabi/13.3.1/../../../../arm-none-eabi/lib/thumb/v6-m/nofp\libm.a
LOAD C:/Program Files/ST/STM32CubeIDE_2.0.0/STM32CubeIDE/plugins/com.st.stm32cube.ide.mcu.externaltools.gnu-tools-for-stm32.13.3.rel1.win32_1.0.100.202509120712/tools/bin/../lib/gcc/arm-none-eabi/13.3.1/thumb/v6-m/nofp\libgcc.a

.debug_info     0x00000000     0x75a0
 .debug_info    0x00000000      0x417 ./Core/Src/lcd.o
 .debug_info    0x00000417      0xf91 ./Core/Src/main.o
 .debug_info    0x000013a8      0xc17 ./Core/Src/mcp96l01.o
 .debug_info    0x00001fbf      0x8af ./Core/Src/stm32l0xx_hal_msp.o
 .debug_info    0x0000286e      0x11c ./Core/Src/stm32l0xx_it.o
 .debug_info    0x0000298a      0x2d0 ./Core/Src/system_stm32l0xx.o
 .debug_info    0x00002c5a       0x30 ./Core/Startup/startup_stm32l010k4tx.o
 .debug_info    0x00002c8a      0x80c ./Drivers/STM32L0xx_HAL_Driver/Src/stm32l0xx_hal.o
 .debug_info    0x00003496      0x66c ./Drivers/STM32L0xx_HAL_Driver/Src/stm32l0xx_hal_cortex.o
 .debug_info    0x00003b02      0x62c ./Drivers/STM32L0xx_HAL_Driver/Src/stm32l0xx_hal_gpio.o
 .debug_info    0x0000412e     0x20da ./Drivers/STM32L0xx_HAL_Driver/Src/stm32l0xx_hal_i2c.o
 .debug_info    0x00006208      0x6ab ./Drivers/STM32L0xx_HAL_Driver/Src/stm32l0xx_hal_i2c_ex.o
 .debug_info    0x000068b3      0x880 ./Drivers/STM32L0xx_HAL_Driver/Src/stm32l0xx_hal_rcc.o
 .debug_info    0x00007133      0x46d ./Drivers/STM32L0xx_HAL_Driver/Src/stm32l0xx_hal_rcc_ex.o

.debug_abbrev   0x00000000     0x1976
 .debug_abbrev  0x00000000      0x1b8 ./Core/Src/lcd.o
 .debug_abbrev  0x000001b8      0x2e2 ./Core/Src/main.o
 .debug_abbrev  0x0000049a      0x26c ./Core/Src/mcp96l01.o
 .debug_abbrev  0x00000706      0x1a4 ./Core/Src/stm32l0xx_hal_msp.o
 .debug_abbrev  0x000008aa       0xa0 ./Core/Src/stm32l0xx_it.o
 .debug_abbrev  0x0000094a      0x11c ./Core/Src/system_stm32l0xx.o
 .debug_abbrev  0x00000a66       0x24 ./Core/Startup/startup_stm32l010k4tx.o
 .debug_abbrev  0x00000a8a      0x2a4 ./Drivers/STM32L0xx_HAL_Driver/Src/stm32l0xx_hal.o
 .debug_abbrev  0x00000d2e      0x26f ./Drivers/STM32L0xx_HAL_Driver/Src/stm32l0xx_hal_cortex.o
 .debug_abbrev  0x00000f9d      0x1cb ./Drivers/STM32L0xx_HAL_Driver/Src/stm32l0xx_hal_gpio.o
 .debug_abbrev  0x00001168      0x270 ./Drivers/STM32L0xx_HAL_Driver/Src/stm32l0xx_hal_i2c.o
 .debug_abbrev  0x000013d8      0x175 ./Drivers/STM32L0xx_HAL_Driver/Src/stm32l0xx_hal_i2c_ex.o
 .debug_abbrev  0x0000154d      0x257 ./Drivers/STM32L0xx_HAL_Driver/Src/stm32l0xx_hal_rcc.o
 .debug_abbrev  0x000017a4      0x1d2 ./Drivers/STM32L0xx_HAL_Driver/Src/stm32l0xx_hal_rcc_ex.o

.debug_aranges  0x00000000      0x7b0
 .debug_aranges
                0x00000000       0x70 ./Core/Src/lcd.o
 .debug_aranges
                0x00000070       0x48 ./Core/Src/main.o
 .debug_aranges
                0x000000b8       0x68 ./Core/Src/mcp96l01.o
 .debug_aranges
                0x00000120       0x30 ./Core/Src/stm32l0xx_hal_msp.o
 .debug_aranges
                0x00000150       0x50 ./Core/Src/stm32l0xx_it.o
 .debug_aranges
                0x000001a0       0x28 ./Core/Src/system_stm32l0xx.o
 .debug_aranges
                0x000001c8       0x28 ./Core/Startup/startup_stm32l010k4tx.o
 .debug_aranges
                0x000001f0      0x110 ./Drivers/STM32L0xx_HAL_Driver/Src/stm32l0xx_hal.o
 .debug_aranges
                0x00000300       0xc0 ./Drivers/STM32L0xx_HAL_Driver/Src/stm32l0xx_hal_cortex.o
 .debug_aranges
                0x000003c0       0x58 ./Drivers/STM32L0xx_HAL_Driver/Src/stm32l0xx_hal_gpio.o
 .debug_aranges
                0x00000418      0x2a0 ./Drivers/STM32L0xx_HAL_Driver/Src/stm32l0xx_hal_i2c.o
 .debug_aranges
                0x000006b8       0x38 ./Drivers/STM32L0xx_HAL_Driver/Src/stm32l0xx_hal_i2c_ex.o
 .debug_aranges
                0x000006f0       0x68 ./Drivers/STM32L0xx_HAL_Driver/Src/stm32l0xx_hal_rcc.o
 .debug_aranges
                0x00000758       0x58 ./Drivers/STM32L0xx_HAL_Driver/Src/stm32l0xx_hal_rcc_ex.o

.debug_rnglists
                0x00000000      0x5e2
 .debug_rnglists
                0x00000000       0x62 ./Core/Src/lcd.o
 .debug_rnglists
                0x00000062       0x35 ./Core/Src/main.o
 .debug_rnglists
                0x00000097       0x4d ./Core/Src/mcp96l01.o
 .debug_rnglists
                0x000000e4       0x20 ./Core/Src/stm32l0xx_hal_msp.o
 .debug_rnglists
                0x00000104       0x37 ./Core/Src/stm32l0xx_it.o
 .debug_rnglists
                0x0000013b       0x1a ./Core/Src/system_stm32l0xx.o
 .debug_rnglists
                0x00000155       0x1a ./Core/Startup/startup_stm32l010k4tx.o
 .debug_rnglists
                0x0000016f       0xc7 ./Drivers/STM32L0xx_HAL_Driver/Src/stm32l0xx_hal.o
 .debug_rnglists
                0x00000236       0x8c ./Drivers/STM32L0xx_HAL_Driver/Src/stm32l0xx_hal_cortex.o
 .debug_rnglists
                0x000002c2       0x3f ./Drivers/STM32L0xx_HAL_Driver/Src/stm32l0xx_hal_gpio.o
 .debug_rnglists
                0x00000301      0x229 ./Drivers/STM32L0xx_HAL_Driver/Src/stm32l0xx_hal_i2c.o
 .debug_rnglists
                0x0000052a       0x29 ./Drivers/STM32L0xx_HAL_Driver/Src/stm32l0xx_hal_i2c_ex.o
 .debug_rnglists
                0x00000553       0x4f ./Drivers/STM32L0xx_HAL_Driver/Src/stm32l0xx_hal_rcc.o
 .debug_rnglists
                0x000005a2       0x40 ./Drivers/STM32L0xx_HAL_Driver/Src/stm32l0xx_hal_rcc_ex.o

.debug_macro    0x00000000     0xfd5d
 .debug_macro   0x00000000      0x1ec ./Core/Src/lcd.o
 .debug_macro   0x000001ec      0xaae ./Core/Src/lcd.o
 .debug_macro   0x00000c9a       0x22 ./Core/Src/lcd.o
 .debug_macro   0x00000cbc       0x8e ./Core/Src/lcd.o
 .debug_macro   0x00000d4a       0x51 ./Core/Src/lcd.o
 .debug_macro   0x00000d9b      0x103 ./Core/Src/lcd.o
 .debug_macro   0x00000e9e       0x6a ./Core/Src/lcd.o
 .debug_macro   0x00000f08      0x1df ./Core/Src/lcd.o
 .debug_macro   0x000010e7      0x119 ./Core/Src/lcd.o
 .debug_macro   0x00001200       0x2e ./Core/Src/lcd.o
 .debug_macro   0x0000122e       0x28 ./Core/Src/lcd.o
 .debug_macro   0x00001256       0x1c ./Core/Src/lcd.o
 .debug_macro   0x00001272       0x22 ./Core/Src/lcd.o
 .debug_macro   0x00001294       0xaf ./Core/Src/lcd.o
 .debug_macro   0x00001343      0x3ad ./Core/Src/lcd.o
 .debug_macro   0x000016f0     0x7aed ./Core/Src/lcd.o
 .debug_macro   0x000091dd       0x66 ./Core/Src/lcd.o
 .debug_macro   0x00009243     0x35a5 ./Core/Src/lcd.o
 .debug_macro   0x0000c7e8      0x190 ./Core/Src/lcd.o
 .debug_macro   0x0000c978       0x5c ./Core/Src/lcd.o
 .debug_macro   0x0000c9d4      0x898 ./Core/Src/lcd.o
 .debug_macro   0x0000d26c      0x42e ./Core/Src/lcd.o
 .debug_macro   0x0000d69a      0x182 ./Core/Src/lcd.o
 .debug_macro   0x0000d81c      0x13f ./Core/Src/lcd.o
 .debug_macro   0x0000d95b       0xf1 ./Core/Src/lcd.o
 .debug_macro   0x0000da4c       0x82 ./Core/Src/lcd.o
 .debug_macro   0x0000dace      0x24f ./Core/Src/lcd.o
 .debug_macro   0x0000dd1d       0x28 ./Core/Src/lcd.o
 .debug_macro   0x0000dd45      0x128 ./Core/Src/lcd.o
 .debug_macro   0x0000de6d      0x1bd ./Core/Src/lcd.o
 .debug_macro   0x0000e02a      0x22c ./Core/Src/lcd.o
 .debug_macro   0x0000e256       0x5b ./Core/Src/lcd.o
 .debug_macro   0x0000e2b1       0xa5 ./Core/Src/lcd.o
 .debug_macro   0x0000e356       0xb0 ./Core/Src/lcd.o
 .debug_macro   0x0000e406       0x16 ./Core/Src/lcd.o
 .debug_macro   0x0000e41c      0x100 ./Core/Src/lcd.o
 .debug_macro   0x0000e51c       0x82 ./Core/Src/lcd.o
 .debug_macro   0x0000e59e      0x10c ./Core/Src/lcd.o
 .debug_macro   0x0000e6aa       0x88 ./Core/Src/lcd.o
 .debug_macro   0x0000e732      0x1de ./Core/Src/main.o
 .debug_macro   0x0000e910       0x88 ./Core/Src/main.o
 .debug_macro   0x0000e998      0x20c ./Core/Src/mcp96l01.o
 .debug_macro   0x0000eba4      0x1de ./Core/Src/stm32l0xx_hal_msp.o
 .debug_macro   0x0000ed82      0x1e8 ./Core/Src/stm32l0xx_it.o
 .debug_macro   0x0000ef6a      0x19b ./Core/Src/system_stm32l0xx.o
 .debug_macro   0x0000f105      0x1bf ./Drivers/STM32L0xx_HAL_Driver/Src/stm32l0xx_hal.o
 .debug_macro   0x0000f2c4      0x19b ./Drivers/STM32L0xx_HAL_Driver/Src/stm32l0xx_hal_cortex.o
 .debug_macro   0x0000f45f      0x1a2 ./Drivers/STM32L0xx_HAL_Driver/Src/stm32l0xx_hal_gpio.o
 .debug_macro   0x0000f601      0x267 ./Drivers/STM32L0xx_HAL_Driver/Src/stm32l0xx_hal_i2c.o
 .debug_macro   0x0000f868      0x19b ./Drivers/STM32L0xx_HAL_Driver/Src/stm32l0xx_hal_i2c_ex.o
 .debug_macro   0x0000fa03      0x1bf ./Drivers/STM32L0xx_HAL_Driver/Src/stm32l0xx_hal_rcc.o
 .debug_macro   0x0000fbc2      0x19b ./Drivers/STM32L0xx_HAL_Driver/Src/stm32l0xx_hal_rcc_ex.o

.debug_line     0x00000000     0xb3ea
 .debug_line    0x00000000      0xa94 ./Core/Src/lcd.o
 .debug_line    0x00000a94      0x998 ./Core/Src/main.o
 .debug_line    0x0000142c      0xa71 ./Core/Src/mcp96l01.o
 .debug_line    0x00001e9d      0x84a ./Core/Src/stm32l0xx_hal_msp.o
 .debug_line    0x000026e7      0x88d ./Core/Src/stm32l0xx_it.o
 .debug_line    0x00002f74      0x87e ./Core/Src/system_stm32l0xx.o
 .debug_line    0x000037f2       0x8d ./Core/Startup/startup_stm32l010k4tx.o
 .debug_line    0x0000387f      0xb3d ./Drivers/STM32L0xx_HAL_Driver/Src/stm32l0xx_hal.o
 .debug_line    0x000043bc      0xaf8 ./Drivers/STM32L0xx_HAL_Driver/Src/stm32l0xx_hal_cortex.o
 .debug_line    0x00004eb4      0xb76 ./Drivers/STM32L0xx_HAL_Driver/Src/stm32l0xx_hal_gpio.o
 .debug_line    0x00005a2a     0x37e0 ./Drivers/STM32L0xx_HAL_Driver/Src/stm32l0xx_hal_i2c.o
 .debug_line    0x0000920a      0x901 ./Drivers/STM32L0xx_HAL_Driver/Src/stm32l0xx_hal_i2c_ex.o
 .debug_line    0x00009b0b      0xdac ./Drivers/STM32L0xx_HAL_Driver/Src/stm32l0xx_hal_rcc.o
 .debug_line    0x0000a8b7      0xb33 ./Drivers/STM32L0xx_HAL_Driver/Src/stm32l0xx_hal_rcc_ex.o

.debug_str      0x00000000    0x5cbb9
 .debug_str     0x00000000    0x5cbb9 ./Core/Src/lcd.o
                              0x5a84b (size before relaxing)
 .debug_str     0x0005cbb9        0x0 ./Core/Src/main.o
                              0x5b2ee (size before relaxing)
 .debug_str     0x0005cbb9        0x0 ./Core/Src/mcp96l01.o
                              0x5af70 (size before relaxing)
 .debug_str     0x0005cbb9        0x0 ./Core/Src/stm32l0xx_hal_msp.o
                              0x5ad12 (size before relaxing)
 .debug_str     0x0005cbb9        0x0 ./Core/Src/stm32l0xx_it.o
                              0x5a798 (size before relaxing)
 .debug_str     0x0005cbb9        0x0 ./Core/Src/system_stm32l0xx.o
                              0x59ff4 (size before relaxing)
 .debug_str     0x0005cbb9        0x0 ./Core/Startup/startup_stm32l010k4tx.o
                                 0x7e (size before relaxing)
 .debug_str     0x0005cbb9        0x0 ./Drivers/STM32L0xx_HAL_Driver/Src/stm32l0xx_hal.o
                              0x5a67e (size before relaxing)
 .debug_str     0x0005cbb9        0x0 ./Drivers/STM32L0xx_HAL_Driver/Src/stm32l0xx_hal_cortex.o
                              0x5a2d3 (size before relaxing)
 .debug_str     0x0005cbb9        0x0 ./Drivers/STM32L0xx_HAL_Driver/Src/stm32l0xx_hal_gpio.o
                              0x5a194 (size before relaxing)
 .debug_str     0x0005cbb9        0x0 ./Drivers/STM32L0xx_HAL_Driver/Src/stm32l0xx_hal_i2c.o
                              0x5b2ff (size before relaxing)
 .debug_str     0x0005cbb9        0x0 ./Drivers/STM32L0xx_HAL_Driver/Src/stm32l0xx_hal_i2c_ex.o
                              0x5a441 (size before relaxing)
 .debug_str     0x0005cbb9        0x0 ./Drivers/STM32L0xx_HAL_Driver/Src/stm32l0xx_hal_rcc.o
                              0x5a420 (size before relaxing)
 .debug_str     0x0005cbb9        0x0 ./Drivers/STM32L0xx_HAL_Driver/Src/stm32l0xx_hal_rcc_ex.o
                              0x5a1f8 (size before relaxing)

.comment        0x00000000       0x43
 .comment       0x00000000       0x43 ./Core/Src/lcd.o
                                 0x44 (size before relaxing)
 .comment       0x00000043        0x0 ./Core/Src/main.o
                                 0x44 (size before relaxing)
 .comment       0x00000043        0x0 ./Core/Src/mcp96l01.o
                                 0x44 (size before relaxing)
 .comment       0x00000043        0x0 ./Core/Src/stm32l0xx_hal_msp.o
                                 0x44 (size before relaxing)
 .comment       0x00000043        0x0 ./Core/Src/stm32l0xx_it.o
                                 0x44 (size before relaxing)
 .comment       0x00000043        0x0 ./Core/Src/system_stm32l0xx.o
                                 0x44 (size before relaxing)
 .comment       0x00000043        0x0 ./Drivers/STM32L0xx_HAL_Driver/Src/stm32l0xx_hal.o
                                 0x44 (size before relaxing)
 .comment       0x00000043        0x0 ./Drivers/STM32L0xx_HAL_Driver/Src/stm32l0xx_hal_cortex.o
                                 0x44 (size before relaxing)
 .comment       0x00000043        0x0 ./Drivers/STM32L0xx_HAL_Driver/Src/stm32l0xx_hal_gpio.o
                                 0x44 (size before relaxing)
 .comment       0x00000043        0x0 ./Drivers/STM32L0xx_HAL_Driver/Src/stm32l0xx_hal_i2c.o
                                 0x44 (size before relaxing)
 .comment       0x00000043        0x0 ./Drivers/STM32L0xx_HAL_Driver/Src/stm32l0xx_hal_i2c_ex.o
                                 0x44 (size before relaxing)
 .comment       0x00000043        0x0 ./Drivers/STM32L0xx_HAL_Driver/Src/stm32l0xx_hal_rcc.o
                                 0x44 (size before relaxing)
 .comment       0x00000043        0x0 ./Drivers/STM32L0xx_HAL_Driver/Src/stm32l0xx_hal_rcc_ex.o
                                 0x44 (size before relaxing)

.debug_frame    0x00000000     0x1adc
 .debug_frame   0x00000000      0x168 ./Core/Src/lcd.o
 .debug_frame   0x00000168       0xc4 ./Core/Src/main.o
 .debug_frame   0x0000022c      0x154 ./Core/Src/mcp96l01.o
 .debug_frame   0x00000380       0x6c ./Core/Src/stm32l0xx_hal_msp.o
 .debug_frame   0x000003ec       0xd4 ./Core/Src/stm32l0xx_it.o
 .debug_frame   0x000004c0       0x4c ./Core/Src/system_stm32l0xx.o
 .debug_frame   0x0000050c      0x394 ./Drivers/STM32L0xx_HAL_Driver/Src/stm32l0xx_hal.o
 .debug_frame   0x000008a0      0x2a0 ./Drivers/STM32L0xx_HAL_Driver/Src/stm32l0xx_hal_cortex.o
 .debug_frame   0x00000b40      0x110 ./Drivers/STM32L0xx_HAL_Driver/Src/stm32l0xx_hal_gpio.o
 .debug_frame   0x00000c50      0xa68 ./Drivers/STM32L0xx_HAL_Driver/Src/stm32l0xx_hal_i2c.o
 .debug_frame   0x000016b8       0x90 ./Drivers/STM32L0xx_HAL_Driver/Src/stm32l0xx_hal_i2c_ex.o
 .debug_frame   0x00001748      0x150 ./Drivers/STM32L0xx_HAL_Driver/Src/stm32l0xx_hal_rcc.o
 .debug_frame   0x00001898       0xfc ./Drivers/STM32L0xx_HAL_Driver/Src/stm32l0xx_hal_rcc_ex.o
 .debug_frame   0x00001994       0x20 C:/Program Files/ST/STM32CubeIDE_2.0.0/STM32CubeIDE/plugins/com.st.stm32cube.ide.mcu.externaltools.gnu-tools-for-stm32.13.3.rel1.win32_1.0.100.202509120712/tools/bin/../lib/gcc/arm-none-eabi/13.3.1/../../../../arm-none-eabi/lib/thumb/v6-m/nofp\libc_nano.a(libc_a-memset.o)
 .debug_frame   0x000019b4       0x2c C:/Program Files/ST/STM32CubeIDE_2.0.0/STM32CubeIDE/plugins/com.st.stm32cube.ide.mcu.externaltools.gnu-tools-for-stm32.13.3.rel1.win32_1.0.100.202509120712/tools/bin/../lib/gcc/arm-none-eabi/13.3.1/../../../../arm-none-eabi/lib/thumb/v6-m/nofp\libc_nano.a(libc_a-init.o)
 .debug_frame   0x000019e0       0x20 C:/Program Files/ST/STM32CubeIDE_2.0.0/STM32CubeIDE/plugins/com.st.stm32cube.ide.mcu.externaltools.gnu-tools-for-stm32.13.3.rel1.win32_1.0.100.202509120712/tools/bin/../lib/gcc/arm-none-eabi/13.3.1/thumb/v6-m/nofp\libgcc.a(_udivsi3.o)
 .debug_frame   0x00001a00       0x20 C:/Program Files/ST/STM32CubeIDE_2.0.0/STM32CubeIDE/plugins/com.st.stm32cube.ide.mcu.externaltools.gnu-tools-for-stm32.13.3.rel1.win32_1.0.100.202509120712/tools/bin/../lib/gcc/arm-none-eabi/13.3.1/thumb/v6-m/nofp\libgcc.a(_divsi3.o)
 .debug_frame   0x00001a20       0x38 C:/Program Files/ST/STM32CubeIDE_2.0.0/STM32CubeIDE/plugins/com.st.stm32cube.ide.mcu.externaltools.gnu-tools-for-stm32.13.3.rel1.win32_1.0.100.202509120712/tools/bin/../lib/gcc/arm-none-eabi/13.3.1/thumb/v6-m/nofp\libgcc.a(divsf3.o)
 .debug_frame   0x00001a58       0x38 C:/Program Files/ST/STM32CubeIDE_2.0.0/STM32CubeIDE/plugins/com.st.stm32cube.ide.mcu.externaltools.gnu-tools-for-stm32.13.3.rel1.win32_1.0.100.202509120712/tools/bin/../lib/gcc/arm-none-eabi/13.3.1/thumb/v6-m/nofp\libgcc.a(mulsf3.o)
 .debug_frame   0x00001a90       0x20 C:/Program Files/ST/STM32CubeIDE_2.0.0/STM32CubeIDE/plugins/com.st.stm32cube.ide.mcu.externaltools.gnu-tools-for-stm32.13.3.rel1.win32_1.0.100.202509120712/tools/bin/../lib/gcc/arm-none-eabi/13.3.1/thumb/v6-m/nofp\libgcc.a(fixsfsi.o)
 .debug_frame   0x00001ab0       0x2c C:/Program Files/ST/STM32CubeIDE_2.0.0/STM32CubeIDE/plugins/com.st.stm32cube.ide.mcu.externaltools.gnu-tools-for-stm32.13.3.rel1.win32_1.0.100.202509120712/tools/bin/../lib/gcc/arm-none-eabi/13.3.1/thumb/v6-m/nofp\libgcc.a(floatsisf.o)

.debug_line_str
                0x00000000       0x62
 .debug_line_str
                0x00000000       0x62 ./Core/Startup/startup_stm32l010k4tx.o
