../Core/Src/lcd.c:12:13:LCD_WriteBus	16	static
../Core/Src/lcd.c:24:13:LCD_PulseEnable	16	static
../Core/Src/lcd.c:31:6:LCD_SendCommand	16	static
../Core/Src/lcd.c:39:6:LCD_SendData	24	static
../Core/Src/lcd.c:47:6:LCD_Init	8	static
../Core/Src/lcd.c:73:6:LCD_SetCursor	16	static
../Core/Src/lcd.c:81:6:LCD_Clear	8	static
../Core/Src/lcd.c:87:16:Map_Cyrillic	16	static
../Core/Src/lcd.c:113:6:LCD_Print	24	static
../Core/Src/lcd.c:146:6:LCD_PrintInt	32	static
../Core/Src/lcd.c:172:6:LCD_PrintLine	24	static
