../Core/Src/mcp96l01.c:24:6:Process_Heater_PI	32	static
../Core/Src/mcp96l01.c:80:6:Handle_OC_SC_Error	8	static
../Core/Src/mcp96l01.c:98:26:WriteReg	32	static
../Core/Src/mcp96l01.c:103:26:ReadRegs	48	static
../Core/Src/mcp96l01.c:110:19:MCP96L01_Init	32	static
../Core/Src/mcp96l01.c:140:19:MCP96L01_SetThermocoupleType	24	static
../Core/Src/mcp96l01.c:157:7:MCP96L01_ReadHotJunction	24	static
../Core/Src/mcp96l01.c:175:7:MCP96L01_ReadColdJunction	24	static
../Core/Src/mcp96l01.c:186:9:MCP96L01_GetStatus	32	static
../Core/Src/mcp96l01.c:198:19:MCP96L01_ConfigureAlertLimit	56	static
